============================= test session starts =============================
platform win32 -- Python 3.14.0, pytest-9.0.2, pluggy-1.6.0 -- C:\Users\emrey\AppData\Local\Programs\Python\Python314\python.exe
cachedir: .pytest_cache
rootdir: D:\personal-with-db\fastapi-learning
plugins: anyio-4.12.1
collecting ... collected 0 items

============================ no tests ran in 0.01s ============================
